<?xml version="1.0" encoding="UTF-8"?>
<testsuites name="jest tests" tests="5" failures="0" time="10.509">
  <testsuite name="undefined" errors="0" failures="0" skipped="0" timestamp="2023-04-19T14:15:24" time="8.026" tests="5">
    <testcase classname=" initial UI is rendered as expected" name=" initial UI is rendered as expected" time="0.452">
    </testcase>
    <testcase classname=" button adds customer" name=" button adds customer" time="0.246">
    </testcase>
    <testcase classname=" button adds multiple customer" name=" button adds multiple customer" time="0.356">
    </testcase>
    <testcase classname=" after adding customer input has no value" name=" after adding customer input has no value" time="0.15">
    </testcase>
    <testcase classname=" no customer added on empty input" name=" no customer added on empty input" time="0.397">
    </testcase>
  </testsuite>
</testsuites>